<html>
<body>
<pre>
<h1>µVision Build Log</h1>
<h2>Tool Versions:</h2>
IDE-Version: ¦ÌVision V5.29.0.0
Copyright (C) 2019 ARM Ltd and ARM Germany GmbH. All rights reserved.
License Information: xiao shubao, xiaoshubao, LIC=----
 
Tool Versions:
Toolchain:       MDK-Lite  Version: 5.29.0.0
Toolchain Path:  C:\Keil_v5\ARM\ARMCC\Bin
C Compiler:      Armcc.exe V5.06 update 6 (build 750)
Assembler:       Armasm.exe V5.06 update 6 (build 750)
Linker/Locator:  ArmLink.exe V5.06 update 6 (build 750)
Library Manager: ArmAr.exe V5.06 update 6 (build 750)
Hex Converter:   FromElf.exe V5.06 update 6 (build 750)
CPU DLL:         SARMCM3.DLL V5.29.0.0
Dialog DLL:      DARMCM1.DLL V1.19.2.0
Target DLL:      UL2CM3.DLL V1.163.0.0
Dialog DLL:      TARMCM1.DLL V1.14.1.0
 
<h2>Project:</h2>
E:\x-sense_svn\RF\FireAlarm_New_Code\MDK\BAT32G133\RfCode.uvprojx
Project File Date:  07/26/2022

<h2>Output:</h2>
*** Using Compiler 'V5.06 update 6 (build 750)', folder: 'C:\Keil_v5\ARM\ARMCC\Bin'
Build target 'HD_RF_Code'
compiling main.c...
compiling app_uart.c...
compiling SceneInstance.c...
compiling app_main.c...
compiling app_radio.c...
compiling app_rtc.c...
compiling Key.c...
compiling board.c...
compiling PwrManager.c...
compiling radio_2300a.c...
compiling system.c...
linking...
Program Size: Code=24896 RO-data=1872 RW-data=448 ZI-data=2544  
FromELF: creating hex file...
".\output\release\RfCode.axf" - 0 Error(s), 0 Warning(s).

<h2>Software Packages used:</h2>

Package Vendor: ARM
                http://www.keil.com/pack/ARM.CMSIS.5.6.0.pack
                ARM.CMSIS.5.6.0
                CMSIS (Cortex Microcontroller Software Interface Standard)
   * Component: CORE Version: 5.3.0

Package Vendor: Cmsemicon
                http://www.mcu.com.cn/pack/Cmsemicon.BAT32G133.1.1.3.pack
                Cmsemicon.BAT32G133.1.1.3
                Cmsemicon BAT32G133 Device Family Pack
   * Component: Startup Version: 1.0.0

<h2>Collection of Component include folders:</h2>
  .\RTE\_HD_RF_Code
  C:\Keil_v5\ARM\PACK\ARM\CMSIS\5.6.0\CMSIS\Core\Include
  C:\Keil_v5\ARM\PACK\Cmsemicon\BAT32G133\1.1.3\Device\Include

<h2>Collection of Component Files used:</h2>

   * Component: ARM::CMSIS:CORE:5.3.0

   * Component: Cmsemicon::Device:Startup:1.0.0
      Source file:   Device\Source\ARM\startup_BAT32G133.s
      Source file:   Device\Source\system_BAT32G133.c
Build Time Elapsed:  00:00:05
</pre>
</body>
</html>
