<html>
<body>
<pre>
<h1>µVision Build Log</h1>
<h2>Tool Versions:</h2>
IDE-Version: ¦ÌVision V5.29.0.0
Copyright (C) 2019 ARM Ltd and ARM Germany GmbH. All rights reserved.
License Information: xiao shubao, xiaoshubao, LIC=----
 
Tool Versions:
Toolchain:       MDK-Lite  Version: 5.29.0.0
Toolchain Path:  C:\Keil_v5\ARM\ARMCC\Bin
C Compiler:      Armcc.exe V5.06 update 6 (build 750)
Assembler:       Armasm.exe V5.06 update 6 (build 750)
Linker/Locator:  ArmLink.exe V5.06 update 6 (build 750)
Library Manager: ArmAr.exe V5.06 update 6 (build 750)
Hex Converter:   FromElf.exe V5.06 update 6 (build 750)
CPU DLL:         SARMCM3.DLL V5.29.0.0
Dialog DLL:      DARMCM1.DLL V1.19.2.0
Target DLL:      STLink\ST-LINKIII-KEIL_SWO.dll V3.0.7.0
Dialog DLL:      TARMCM1.DLL V1.14.1.0
 
<h2>Project:</h2>
E:\x-sense_svn\RF\FireAlarm_New_Code\MDK\HC32L110\RfCode.uvprojx
Project File Date:  07/27/2022

<h2>Output:</h2>
*** Using Compiler 'V5.06 update 6 (build 750)', folder: 'C:\Keil_v5\ARM\ARMCC\Bin'
Rebuild target 'HD_RF_Code'
compiling main.c...
compiling app_uart.c...
compiling debug.c...
compiling SceneInstance.c...
compiling app_radio.c...
compiling app_main.c...
compiling app_rtc.c...
compiling board.c...
compiling hal_adc.c...
compiling hal_flash.c...
compiling hal_gpio.c...
compiling hal_rtc.c...
compiling hal_subghz.c...
compiling hal_tick.c...
compiling hal_tim_.c...
compiling hal_uart.c...
compiling hal_watchdog.c...
compiling adc.c...
compiling bt.c...
compiling adt.c...
compiling clk.c...
compiling crc.c...
compiling ddl.c...
compiling flash.c...
compiling i2c.c...
compiling gpio.c...
compiling interrupts_hc32l110.c...
compiling lpm.c...
compiling lpt.c...
compiling lpuart.c...
compiling reset.c...
compiling lvd.c...
compiling pca.c...
compiling trim.c...
compiling spi.c...
compiling rtc.c...
compiling wdt.c...
compiling uart.c...
compiling vc.c...
assembling startup_hc32l110.s...
compiling Key.c...
compiling PwrManager.c...
compiling system_hc32l110.c...
compiling radio_2300a.c...
compiling event.c...
compiling list.c...
compiling radio_2300a_driver.c...
compiling qep_port.c...
compiling polling.c...
compiling system.c...
compiling qeq_fifo.c...
compiling qep.c...
compiling qfsm_dis.c...
linking...
Program Size: Code=26636 RO-data=1884 RW-data=400 ZI-data=1992  
FromELF: creating hex file...
".\output\release\HD_RF_Code.axf" - 0 Error(s), 0 Warning(s).

<h2>Software Packages used:</h2>

Package Vendor: ARM
                http://www.keil.com/pack/ARM.CMSIS.5.6.0.pack
                ARM.CMSIS.5.6.0
                CMSIS (Cortex Microcontroller Software Interface Standard)
   * Component: CORE Version: 5.3.0

Package Vendor: HDSC
                https://raw.githubusercontent.com/hdscmcu/pack/master/HDSC.HC32L110.1.0.3.pack
                HDSC.HC32L110.1.0.3
                HC32L110 ARM Cortex-M0+ Device Family Pack

<h2>Collection of Component include folders:</h2>
  .\RTE\_HD_RF_Code
  C:\Keil_v5\ARM\PACK\ARM\CMSIS\5.6.0\CMSIS\Core\Include
  C:\Keil_v5\ARM\PACK\HDSC\HC32L110\1.0.3\Device\Include

<h2>Collection of Component Files used:</h2>

   * Component: ARM::CMSIS:CORE:5.3.0
Build Time Elapsed:  00:00:13
</pre>
</body>
</html>
