<html>
<body>
<pre>
<h1>µVision Build Log</h1>
<h2>Tool Versions:</h2>
IDE-Version: ¦ÌVision V5.29.0.0
Copyright (C) 2019 ARM Ltd and ARM Germany GmbH. All rights reserved.
License Information: xiao shubao, xiaoshubao, LIC=----
 
Tool Versions:
Toolchain:       MDK-Lite  Version: 5.29.0.0
Toolchain Path:  C:\Keil_v5\ARM\ARMCC\Bin
C Compiler:      Armcc.exe V5.06 update 6 (build 750)
Assembler:       Armasm.exe V5.06 update 6 (build 750)
Linker/Locator:  ArmLink.exe V5.06 update 6 (build 750)
Library Manager: ArmAr.exe V5.06 update 6 (build 750)
Hex Converter:   FromElf.exe V5.06 update 6 (build 750)
CPU DLL:         SARMCM3.DLL V5.29.0.0
Dialog DLL:      DARMCM1.DLL V1.19.2.0
Target DLL:      Segger\JL2CM3.dll V2.99.36.0
Dialog DLL:      TARMCM1.DLL V1.14.1.0
 
<h2>Project:</h2>
E:\x-sense_svn\SecuritySystem\Rf_Code\FireAlarm_Code\MDK\RfCode.uvprojx
Project File Date:  01/23/2022

<h2>Output:</h2>
*** Using Compiler 'V5.06 update 6 (build 750)', folder: 'C:\Keil_v5\ARM\ARMCC\Bin'
Rebuild target 'uart_int_Release'
assembling startup_hc32l110.s...
compiling main.c...
compiling system_hc32l110.c...
compiling adc.c...
compiling crc.c...
compiling adt.c...
compiling flash.c...
compiling i2c.c...
compiling lpt.c...
compiling lpuart.c...
compiling lvd.c...
compiling pca.c...
compiling reset.c...
compiling rtc.c...
compiling spi.c...
compiling trim.c...
compiling wdt.c...
compiling vc.c...
compiling bt.c...
compiling ddl.c...
compiling clk.c...
compiling gpio.c...
compiling interrupts_hc32l110.c...
compiling lpm.c...
compiling uart.c...
linking...
Program Size: Code=5404 RO-data=272 RW-data=116 ZI-data=828  
FromELF: creating hex file...
".\output\release\uart_int.axf" - 0 Error(s), 0 Warning(s).

<h2>Software Packages used:</h2>

Package Vendor: ARM
                http://www.keil.com/pack/ARM.CMSIS.5.6.0.pack
                ARM.CMSIS.5.6.0
                CMSIS (Cortex Microcontroller Software Interface Standard)
   * Component: CORE Version: 5.3.0

<h2>Collection of Component include folders:</h2>
  .\RTE\_uart_int_Release
  C:\Keil_v5\ARM\PACK\ARM\CMSIS\5.6.0\CMSIS\Core\Include
  C:\Keil_v5\ARM\PACK\ARM\CMSIS\5.6.0\Device\ARM\ARMCM0plus\Include

<h2>Collection of Component Files used:</h2>

   * Component: ARM::CMSIS:CORE:5.3.0
Build Time Elapsed:  00:00:07
</pre>
</body>
</html>
